[2026-08-25T14:45:44-04:00] Inicio. Fuentes: exclusivamente los nueve personas_v2.
[2026-08-25T14:45:44-04:00] Importando personas_v2_11.sql...
[2026-08-25T14:46:17-04:00] personas_v2_11.sql: 999828 filas.
[2026-08-25T14:46:17-04:00] Importando personas_v2_22.sql...
[2026-08-25T14:46:40-04:00] personas_v2_22.sql: 994001 filas.
[2026-08-25T14:46:40-04:00] Importando personas_v2_33.sql...
[2026-08-25T14:47:06-04:00] personas_v2_33.sql: 1013503 filas.
[2026-08-25T14:47:06-04:00] Importando personas_v2_44.sql...
[2026-08-25T14:47:35-04:00] personas_v2_44.sql: 1008813 filas.
[2026-08-25T14:47:35-04:00] Importando personas_v2_55.sql...
[2026-08-25T14:48:00-04:00] personas_v2_55.sql: 996376 filas.
[2026-08-25T14:48:00-04:00] Importando personas_v2_66.sql...
[2026-08-25T14:48:24-04:00] personas_v2_66.sql: 953625 filas.
[2026-08-25T14:48:24-04:00] Importando personas_v2_77.sql...
[2026-08-25T14:48:48-04:00] personas_v2_77.sql: 998300 filas.
[2026-08-25T14:48:48-04:00] Importando personas_v2_88.sql...
[2026-08-25T14:49:08-04:00] personas_v2_88.sql: 853450 filas.
[2026-08-25T14:49:08-04:00] Importando personas_v2_99.sql...
[2026-08-25T14:49:13-04:00] personas_v2_99.sql: 186736 filas.
[2026-08-25T14:49:16-04:00] Transformando, validando CI y deduplicando...
[2026-08-25T15:14:07-04:00] Validacion: finales=7976524, rechazadas=2893, fechas invalidas=32493.
[2026-08-25T15:14:07-04:00] Realizando sustitucion atomica de la tabla vacia...
[2026-08-25T15:14:11-04:00] MIGRACION COMPLETA. persona=7976524, rechazadas=2893, fechas invalidas convertidas a NULL=32493.
